мая 03, 2026 12:30:03 AM com.logistics.util.Logger info
INFO: [MonteCarloSimulator] Starting Monte Carlo simulation...
мая 03, 2026 12:30:03 AM com.logistics.util.Logger info
INFO: [MonteCarloSimulator] Iterations: 100
мая 03, 2026 12:30:03 AM com.logistics.util.Logger info
INFO: [MonteCarloSimulator] Uncertainty level: medium
мая 03, 2026 12:30:03 AM com.logistics.util.Logger info
INFO: [MonteCarloSimulator] Running 100 iterations with medium uncertainty...
мая 03, 2026 12:30:03 AM com.logistics.util.Logger info
INFO: [MonteCarloSimulator] Completed iteration 1/100
мая 03, 2026 12:30:03 AM com.logistics.util.Logger info
INFO: [MonteCarloSimulator] Completed iteration 11/100
мая 03, 2026 12:30:03 AM com.logistics.util.Logger info
INFO: [MonteCarloSimulator] Completed iteration 21/100
мая 03, 2026 12:30:03 AM com.logistics.util.Logger info
INFO: [MonteCarloSimulator] Completed iteration 31/100
мая 03, 2026 12:30:03 AM com.logistics.util.Logger info
INFO: [MonteCarloSimulator] Completed iteration 41/100
мая 03, 2026 12:30:03 AM com.logistics.util.Logger info
INFO: [MonteCarloSimulator] Completed iteration 51/100
мая 03, 2026 12:30:03 AM com.logistics.util.Logger info
INFO: [MonteCarloSimulator] Completed iteration 61/100
мая 03, 2026 12:30:03 AM com.logistics.util.Logger info
INFO: [MonteCarloSimulator] Completed iteration 71/100
мая 03, 2026 12:30:03 AM com.logistics.util.Logger info
INFO: [MonteCarloSimulator] Completed iteration 81/100
мая 03, 2026 12:30:04 AM com.logistics.util.Logger info
INFO: [MonteCarloSimulator] Completed iteration 91/100
мая 03, 2026 12:30:04 AM com.logistics.util.Logger info
INFO: [MonteCarloSimulator] === Monte Carlo Results ===
мая 03, 2026 12:30:04 AM com.logistics.util.Logger info
INFO: [MonteCarloSimulator] Iterations: 100
мая 03, 2026 12:30:04 AM com.logistics.util.Logger info
INFO: [MonteCarloSimulator] Uncertainty level: medium
мая 03, 2026 12:30:04 AM com.logistics.util.Logger info
INFO: [MonteCarloSimulator] Average cost: $6416,90
мая 03, 2026 12:30:04 AM com.logistics.util.Logger info
INFO: [MonteCarloSimulator] Average delivery time: 35,4 hours
мая 03, 2026 12:30:04 AM com.logistics.util.Logger info
INFO: [MonteCarloSimulator] Average success rate: 90,2%
мая 03, 2026 12:30:04 AM com.logistics.util.Logger info
INFO: [MonteCarloSimulator] Average escalations per run: 1,6
мая 03, 2026 12:30:04 AM com.logistics.util.Logger info
INFO: [MonteCarloSimulator] 95% confidence intervals:
мая 03, 2026 12:30:04 AM com.logistics.util.Logger info
INFO: [MonteCarloSimulator]   Cost: $4530,33 to $8303,47
мая 03, 2026 12:30:04 AM com.logistics.util.Logger info
INFO: [MonteCarloSimulator]   Time: 21,5 to 49,3 hours
мая 03, 2026 12:30:04 AM com.logistics.util.Logger info
INFO: [MonteCarloSimulator] Monte Carlo simulation complete.
