мая 03, 2026 12:29:59 AM com.logistics.util.Logger info
INFO: [ScenarioRunner] Starting scenario runner...
мая 03, 2026 12:29:59 AM com.logistics.util.Logger info
INFO: [ScenarioRunner] Scenario: low_budget
мая 03, 2026 12:29:59 AM com.logistics.util.Logger info
INFO: [ScenarioRunner] Description: Orders with limited budget constraints
мая 03, 2026 12:29:59 AM com.logistics.util.Logger info
INFO: [ScenarioRunner] Parameters: orders=10, resources=3
мая 03, 2026 12:29:59 AM com.logistics.util.Logger info
INFO: [ScenarioRunner] Executing low_budget scenario...
мая 03, 2026 12:29:59 AM com.logistics.util.Logger info
INFO: [ScenarioRunner] Creating 10 low budget orders
мая 03, 2026 12:29:59 AM com.logistics.util.Logger info
INFO: [ScenarioRunner] Budget multiplier: 0.5
мая 03, 2026 12:30:00 AM com.logistics.util.Logger info
INFO: [ScenarioRunner] Scenario execution complete.
мая 03, 2026 12:30:00 AM com.logistics.util.Logger info
INFO: [ScenarioRunner] === Scenario Results ===
мая 03, 2026 12:30:00 AM com.logistics.util.Logger info
INFO: [ScenarioRunner] Scenario: low_budget
мая 03, 2026 12:30:00 AM com.logistics.util.Logger info
INFO: [ScenarioRunner] Orders processed: 10
мая 03, 2026 12:30:00 AM com.logistics.util.Logger info
INFO: [ScenarioRunner] Resources available: 3
мая 03, 2026 12:30:00 AM com.logistics.util.Logger info
INFO: [ScenarioRunner] Average completion time: 36.51457512434102 hours
мая 03, 2026 12:30:00 AM com.logistics.util.Logger info
INFO: [ScenarioRunner] Average cost: $7013.64083394322
мая 03, 2026 12:30:00 AM com.logistics.util.Logger info
INFO: [ScenarioRunner] Success rate: 89.84095371451315%
мая 03, 2026 12:30:00 AM com.logistics.util.Logger info
INFO: [ScenarioRunner] Budget adherence: 92.46218080877225%
