мая 03, 2026 12:30:04 AM com.logistics.util.Logger info
INFO: [SensitivityAnalyzer] Starting sensitivity analysis...
мая 03, 2026 12:30:04 AM com.logistics.util.Logger info
INFO: [SensitivityAnalyzer] Parameter: mcaa_time_weight
мая 03, 2026 12:30:04 AM com.logistics.util.Logger info
INFO: [SensitivityAnalyzer] Range: 0.1:0.9:0.1
мая 03, 2026 12:30:04 AM com.logistics.util.Logger info
INFO: [SensitivityAnalyzer] Scenarios per value: 5
мая 03, 2026 12:30:04 AM com.logistics.util.Logger info
INFO: [SensitivityAnalyzer] Running sensitivity analysis for mcaa_time_weight...
мая 03, 2026 12:30:04 AM com.logistics.util.Logger info
INFO: [SensitivityAnalyzer] Testing values from 0.1 to 0.9 with step 0.1
мая 03, 2026 12:30:04 AM com.logistics.util.Logger info
INFO: [SensitivityAnalyzer] Testing mcaa_time_weight = 0,10
мая 03, 2026 12:30:04 AM com.logistics.util.Logger info
INFO: [SensitivityAnalyzer]   Results: Cost=$5227,38, Time=27,0h, Success=79,5%, Escalations=1,6
мая 03, 2026 12:30:04 AM com.logistics.util.Logger info
INFO: [SensitivityAnalyzer] Testing mcaa_time_weight = 0,20
мая 03, 2026 12:30:04 AM com.logistics.util.Logger info
INFO: [SensitivityAnalyzer]   Results: Cost=$5045,22, Time=26,8h, Success=82,1%, Escalations=1,2
мая 03, 2026 12:30:04 AM com.logistics.util.Logger info
INFO: [SensitivityAnalyzer] Testing mcaa_time_weight = 0,30
мая 03, 2026 12:30:04 AM com.logistics.util.Logger info
INFO: [SensitivityAnalyzer]   Results: Cost=$5418,04, Time=24,0h, Success=81,4%, Escalations=1,4
мая 03, 2026 12:30:04 AM com.logistics.util.Logger info
INFO: [SensitivityAnalyzer] Testing mcaa_time_weight = 0,40
мая 03, 2026 12:30:04 AM com.logistics.util.Logger info
INFO: [SensitivityAnalyzer]   Results: Cost=$5056,08, Time=22,7h, Success=82,5%, Escalations=1,6
мая 03, 2026 12:30:04 AM com.logistics.util.Logger info
INFO: [SensitivityAnalyzer] Testing mcaa_time_weight = 0,50
мая 03, 2026 12:30:04 AM com.logistics.util.Logger info
INFO: [SensitivityAnalyzer]   Results: Cost=$4870,80, Time=22,8h, Success=85,5%, Escalations=1,2
мая 03, 2026 12:30:04 AM com.logistics.util.Logger info
INFO: [SensitivityAnalyzer] Testing mcaa_time_weight = 0,60
мая 03, 2026 12:30:04 AM com.logistics.util.Logger info
INFO: [SensitivityAnalyzer]   Results: Cost=$5137,15, Time=23,2h, Success=83,0%, Escalations=1,6
мая 03, 2026 12:30:04 AM com.logistics.util.Logger info
INFO: [SensitivityAnalyzer] Testing mcaa_time_weight = 0,70
мая 03, 2026 12:30:04 AM com.logistics.util.Logger info
INFO: [SensitivityAnalyzer]   Results: Cost=$5176,00, Time=22,9h, Success=80,9%, Escalations=1,8
мая 03, 2026 12:30:04 AM com.logistics.util.Logger info
INFO: [SensitivityAnalyzer] Testing mcaa_time_weight = 0,80
мая 03, 2026 12:30:04 AM com.logistics.util.Logger info
INFO: [SensitivityAnalyzer]   Results: Cost=$5403,47, Time=26,1h, Success=83,7%, Escalations=1,4
мая 03, 2026 12:30:04 AM com.logistics.util.Logger info
INFO: [SensitivityAnalyzer] Testing mcaa_time_weight = 0,90
мая 03, 2026 12:30:04 AM com.logistics.util.Logger info
INFO: [SensitivityAnalyzer]   Results: Cost=$5351,49, Time=25,9h, Success=78,8%, Escalations=2,0
мая 03, 2026 12:30:04 AM com.logistics.util.Logger info
INFO: [SensitivityAnalyzer] === Sensitivity Analysis Summary ===
мая 03, 2026 12:30:04 AM com.logistics.util.Logger info
INFO: [SensitivityAnalyzer] Parameter: mcaa_time_weight
мая 03, 2026 12:30:04 AM com.logistics.util.Logger info
INFO: [SensitivityAnalyzer] Range: 0.1:0.9:0.1
мая 03, 2026 12:30:04 AM com.logistics.util.Logger info
INFO: [SensitivityAnalyzer] Optimal value based on combined metrics: 0,50
мая 03, 2026 12:30:04 AM com.logistics.util.Logger info
INFO: [SensitivityAnalyzer] 
CSV Results:
мая 03, 2026 12:30:04 AM com.logistics.util.Logger info
INFO: [SensitivityAnalyzer] Parameter Value,Avg Cost,Avg Time,Success Rate,Escalations
0,10,5227,38,27,0,0,795,1,6
0,20,5045,22,26,8,0,821,1,2
0,30,5418,04,24,0,0,814,1,4
0,40,5056,08,22,7,0,825,1,6
0,50,4870,80,22,8,0,855,1,2
0,60,5137,15,23,2,0,830,1,6
0,70,5176,00,22,9,0,809,1,8
0,80,5403,47,26,1,0,837,1,4
0,90,5351,49,25,9,0,788,2,0

мая 03, 2026 12:30:04 AM com.logistics.util.Logger info
INFO: [SensitivityAnalyzer] Sensitivity analysis complete.
